// Jest Snapshot v1, https://goo.gl/fbAQLP

exports[`SearchBar should match to snapshoot 1`] = `<SearchBar />`;
