// Jest Snapshot v1, https://goo.gl/fbAQLP

exports[`Header should match to snapshoot 1`] = `<HeaderPair />`;
